// Jest Snapshot v1, https://goo.gl/fbAQLP

exports[`<Button /> should be enabled when disabled is false 1`] = `
<button
  class="button"
  placeholder="Type your search"
>
  Load more posts
</button>
`;
